C51 COMPILER V9.59.0.0   ONEWIRE                                                           12/07/2024 21:08:22 PAGE 1   


C51 COMPILER V9.59.0.0, COMPILATION OF MODULE ONEWIRE
OBJECT MODULE PLACED IN onewire.OBJ
COMPILER INVOKED BY: C:\Keil_v5\C51\BIN\C51.EXE onewire.c OPTIMIZE(8,SPEED) BROWSE DEBUG OBJECTEXTEND

line level    source

   1          /*
   2            ????: ???????
   3            ????: Keil uVision 4.10 
   4            ????: CT107?????????
   5            ?    ?: 2011-8-9
   6          */
   7          #include "onewire.h"
   8          sbit DQ = P1^4;
   9          void Delay_OneWire(unsigned int t)  //STC12C5260S2
  10          {
  11   1              unsigned char i;
  12   1              while(t--){
  13   2                      for(i=0;i<12;i++);
  14   2              }
  15   1      }
  16          
  17          //DS18B20?????
  18          bit Init_DS18B20(void)
  19          {
  20   1              bit initflag = 0;
  21   1              DQ = 1;
  22   1              Delay_OneWire(12);
  23   1              DQ = 0;
  24   1              Delay_OneWire(80); 
  25   1              DQ = 1;
  26   1              Delay_OneWire(10); 
  27   1              initflag = DQ;    
  28   1              Delay_OneWire(5);
  29   1        
  30   1              return initflag;
  31   1      }
  32          
  33          //??????DS18B20?????
  34          void Write_DS18B20(unsigned char dat)
  35          {
  36   1              unsigned char i;
  37   1              for(i=0;i<8;i++)
  38   1              {
  39   2                      DQ = 0;
  40   2                      DQ = dat&0x01;
  41   2                      Delay_OneWire(5);
  42   2                      DQ = 1;
  43   2                      dat >>= 1;
  44   2              }
  45   1              Delay_OneWire(5);
  46   1      }
  47          
  48          //?DS18B20??????
  49          unsigned char Read_DS18B20(void)
  50          {
  51   1              unsigned char i;
  52   1              unsigned char dat;
  53   1        
  54   1              for(i=0;i<8;i++)
  55   1              {
C51 COMPILER V9.59.0.0   ONEWIRE                                                           12/07/2024 21:08:22 PAGE 2   

  56   2                      DQ = 0;
  57   2                      dat >>= 1;
  58   2                      DQ = 1;
  59   2                      if(DQ)
  60   2                      {
  61   3                              dat |= 0x80;
  62   3                      }           
  63   2                      Delay_OneWire(5);
  64   2              }
  65   1              return dat;
  66   1      }
  67          
  68          float read_temperature(void)
  69          {
  70   1      unsigned char low,high;
  71   1      unsigned int temp;
  72   1      float temperature;
  73   1              
  74   1      Init_DS18B20();
  75   1      Write_DS18B20(0xcc);
  76   1      Write_DS18B20(0x44);
  77   1      Delay_OneWire(200);
  78   1              
  79   1      Init_DS18B20();
  80   1      Write_DS18B20(0xcc); 
  81   1      Write_DS18B20(0xbe);
  82   1              
  83   1      low=Read_DS18B20();
  84   1      high=Read_DS18B20();
  85   1      temp=high;
  86   1      temp <<= 8;
  87   1      temp |= low;
  88   1      temperature = temp*0.0625;
  89   1      return temperature;
  90   1      }


MODULE INFORMATION:   STATIC OVERLAYABLE
   CODE SIZE        =    206    ----
   CONSTANT SIZE    =   ----    ----
   XDATA SIZE       =   ----    ----
   PDATA SIZE       =   ----    ----
   DATA SIZE        =   ----    ----
   IDATA SIZE       =   ----    ----
   BIT SIZE         =   ----       1
END OF MODULE INFORMATION.


C51 COMPILATION COMPLETE.  0 WARNING(S),  0 ERROR(S)
