C51 COMPILER V9.59.0.0   DS1302                                                            12/07/2024 22:40:31 PAGE 1   


C51 COMPILER V9.59.0.0, COMPILATION OF MODULE DS1302
OBJECT MODULE PLACED IN .\Objects\DS1302.obj
COMPILER INVOKED BY: C:\Keil_v5\C51\BIN\C51.EXE DS1302.c OPTIMIZE(8,SPEED) BROWSE DEBUG OBJECTEXTEND PRINT(.\Listings\DS
                    -1302.lst) OBJECT(.\Objects\DS1302.obj)

line level    source

   1          #include <STC15F2K60S2.h>
   2          #include <intrins.h>
   3          #include "LCD1602.h"
   4          sbit DS1302_SCLK=P1^7;
   5          sbit DS1302_IO=P2^3;
   6          sbit DS1302_CE=P1^3;
   7          #define DS1302_SECOND           0x80
   8          #define DS1302_MINUTE           0x82
   9          #define DS1302_HOUR                     0x84
  10          #define DS1302_DATE                     0x86
  11          #define DS1302_MONTH            0x88
  12          #define DS1302_DAY                      0x8A
  13          #define DS1302_YEAR                     0x8C
  14          #define DS1302_WP                       0x8E
  15          int Temp_DS1302_Time[]={24,11,6,10,0,0,3}; 
  16          int DS1302_Time[]={24,11,6,10,0,0,3}; 
  17          int alarm_Time[]={12,0,0,0};
  18          unsigned char TimeSetSelect;
  19          // char *week[]={"SUN"."MON","TUE","WEN","THU","FRI","SAT"};
  20          void DS1302_Init()
  21          {
  22   1              DS1302_CE=0;
  23   1              DS1302_SCLK=0;
  24   1      }
  25          /**
  26            * @brief  DS1302?????
  27            * @param  Command ???/??
  28            * @param  Data ??????
  29            * @retval ?
  30            */
  31          void DS1302_WriteByte(unsigned char Command,Data)
  32          {
  33   1              unsigned char i;
  34   1              DS1302_CE=1;
  35   1              for(i=0;i<8;i++)
  36   1              {
  37   2                      DS1302_IO=Command&(0x01<<i);
  38   2                      DS1302_SCLK=1;
  39   2                      DS1302_SCLK=0;
  40   2              }
  41   1              for(i=0;i<8;i++)
  42   1              {
  43   2                      DS1302_IO=Data&(0x01<<i);
  44   2                      DS1302_SCLK=1;
  45   2                      DS1302_SCLK=0;
  46   2              }
  47   1              DS1302_CE=0;
  48   1      }
  49          /**
  50            * @brief  DS1302?????
  51            * @param  Command ???/??
  52            * @retval ?????
  53            */
  54          unsigned char DS1302_ReadByte(unsigned char Command)
C51 COMPILER V9.59.0.0   DS1302                                                            12/07/2024 22:40:31 PAGE 2   

  55          {
  56   1              unsigned char i,Data=0x00;
  57   1              Command|=0x01;  //?????????
  58   1              DS1302_CE=1;
  59   1              for(i=0;i<8;i++)
  60   1              {
  61   2                      DS1302_IO=Command&(0x01<<i);
  62   2                      DS1302_SCLK=0;
  63   2                      DS1302_SCLK=1;
  64   2              }
  65   1              for(i=0;i<8;i++)
  66   1              {
  67   2                      DS1302_SCLK=1;
  68   2                      DS1302_SCLK=0;
  69   2                      if(DS1302_IO){Data|=(0x01<<i);}
  70   2              }
  71   1              DS1302_CE=0;
  72   1              DS1302_IO=0;    //????IO???0,??????????
  73   1              return Data;
  74   1      }
  75          void DS1302_Time_Load()
  76          {
  77   1              int i=0;
  78   1              for(i=0;i<7;i++)
  79   1              {
  80   2                      DS1302_Time[i]=Temp_DS1302_Time[i];
  81   2              }
  82   1      }
  83          void DS1302_Time_ReLoad()
  84          {
  85   1              int i=0;
  86   1              for(i=0;i<7;i++)
  87   1              {
  88   2                      Temp_DS1302_Time[i]=DS1302_Time[i];
  89   2              }
  90   1      }
  91          /**
  92            * @brief  DS1302????,????,DS1302_Time??????????DS1302?
  93            * @param  ?
  94            * @retval ?
  95            */
  96          void DS1302_SetTime(void)
  97          {
  98   1              DS1302_WriteByte(DS1302_WP,0x00);
  99   1              DS1302_WriteByte(DS1302_YEAR,DS1302_Time[0]/10*16+DS1302_Time[0]%10);//????BCD????
 100   1              DS1302_WriteByte(DS1302_MONTH,DS1302_Time[1]/10*16+DS1302_Time[1]%10);
 101   1              DS1302_WriteByte(DS1302_DATE,DS1302_Time[2]/10*16+DS1302_Time[2]%10);
 102   1              DS1302_WriteByte(DS1302_HOUR,DS1302_Time[3]/10*16+DS1302_Time[3]%10);
 103   1              DS1302_WriteByte(DS1302_MINUTE,DS1302_Time[4]/10*16+DS1302_Time[4]%10);
 104   1              DS1302_WriteByte(DS1302_SECOND,DS1302_Time[5]/10*16+DS1302_Time[5]%10);
 105   1              DS1302_WriteByte(DS1302_DAY,DS1302_Time[6]/10*16+DS1302_Time[6]%10);
 106   1              DS1302_WriteByte(DS1302_WP,0x80);
 107   1      }
 108          void DS1302_ReSetTime(void)
 109          {
 110   1              DS1302_WriteByte(DS1302_WP,0x00);
 111   1              DS1302_WriteByte(DS1302_YEAR,Temp_DS1302_Time[0]/10*16+Temp_DS1302_Time[0]%10);//????BCD????
 112   1              DS1302_WriteByte(DS1302_MONTH,Temp_DS1302_Time[1]/10*16+Temp_DS1302_Time[1]%10);
 113   1              DS1302_WriteByte(DS1302_DATE,Temp_DS1302_Time[2]/10*16+Temp_DS1302_Time[2]%10);
 114   1              DS1302_WriteByte(DS1302_HOUR,Temp_DS1302_Time[3]/10*16+Temp_DS1302_Time[3]%10);
 115   1              DS1302_WriteByte(DS1302_MINUTE,Temp_DS1302_Time[4]/10*16+Temp_DS1302_Time[4]%10);
 116   1              DS1302_WriteByte(DS1302_SECOND,Temp_DS1302_Time[5]/10*16+Temp_DS1302_Time[5]%10);
C51 COMPILER V9.59.0.0   DS1302                                                            12/07/2024 22:40:31 PAGE 3   

 117   1              DS1302_WriteByte(DS1302_DAY,Temp_DS1302_Time[6]/10*16+Temp_DS1302_Time[6]%10);
 118   1              DS1302_WriteByte(DS1302_WP,0x80);
 119   1      }
 120          /**
 121            * @brief  DS1302????,????,DS1302?????????DS1302_Time???
 122            * @param  ?
 123            * @retval ?
 124            */
 125          void DS1302_ReadTime(void)
 126          {
 127   1              unsigned char Temp;
 128   1              Temp=DS1302_ReadByte(DS1302_YEAR);
 129   1              DS1302_Time[0]=Temp/16*10+Temp%16;//BCD???????
 130   1              Temp=DS1302_ReadByte(DS1302_MONTH);
 131   1              DS1302_Time[1]=Temp/16*10+Temp%16;
 132   1              Temp=DS1302_ReadByte(DS1302_DATE);
 133   1              DS1302_Time[2]=Temp/16*10+Temp%16;
 134   1              Temp=DS1302_ReadByte(DS1302_HOUR);
 135   1              DS1302_Time[3]=Temp/16*10+Temp%16;
 136   1              Temp=DS1302_ReadByte(DS1302_MINUTE);
 137   1              DS1302_Time[4]=Temp/16*10+Temp%16;
 138   1              Temp=DS1302_ReadByte(DS1302_SECOND);
 139   1              DS1302_Time[5]=Temp/16*10+Temp%16;
 140   1              Temp=DS1302_ReadByte(DS1302_DAY);
 141   1              DS1302_Time[6]=Temp/16*10+Temp%16;
 142   1      }
 143          void DS1302_ShowTime(void)
 144          {
 145   1              LCD_WriteNum(1,6,2,0,DS1302_Time[0]);
 146   1              LCD_WriteNum(1,9,2,0,DS1302_Time[1]);
 147   1              LCD_WriteNum(1,12,2,0,DS1302_Time[2]);  
 148   1              LCD_WriteNum(2,6,2,0,DS1302_Time[3]);
 149   1              LCD_WriteNum(2,9,2,0,DS1302_Time[4]);
 150   1              LCD_WriteNum(2,12,2,0,DS1302_Time[5]);  
 151   1      }
 152           


MODULE INFORMATION:   STATIC OVERLAYABLE
   CODE SIZE        =   1309    ----
   CONSTANT SIZE    =   ----    ----
   XDATA SIZE       =   ----    ----
   PDATA SIZE       =   ----    ----
   DATA SIZE        =     37       2
   IDATA SIZE       =   ----    ----
   BIT SIZE         =   ----    ----
END OF MODULE INFORMATION.


C51 COMPILATION COMPLETE.  0 WARNING(S),  0 ERROR(S)
