C51 COMPILER V9.59.0.0   LCD1602                                                           12/07/2024 22:40:31 PAGE 1   


C51 COMPILER V9.59.0.0, COMPILATION OF MODULE LCD1602
OBJECT MODULE PLACED IN .\Objects\LCD1602.obj
COMPILER INVOKED BY: C:\Keil_v5\C51\BIN\C51.EXE LCD1602.c OPTIMIZE(8,SPEED) BROWSE DEBUG OBJECTEXTEND PRINT(.\Listings\L
                    -CD1602.lst) OBJECT(.\Objects\LCD1602.obj)

line level    source

   1          #include <LCD1602.h>
   2           
   3          #include <STC15F2K60S2.H>
   4           
   5           
   6          //1602的控制引脚定义
   7          sbit RS = P2^0;         //寄存器选择，高电平时选择数据寄存器、低电平时选择指令寄存器
   8          sbit RW = P2^1;         //读写控制，低写，高读
   9                                                  // RS＝0、RW＝0——表示向LCM写入指令，可以写入指令或者显示地址
  10                                                  // RS＝0、RW＝1——表示读取Busy标志
  11                                                  // RS＝1、RW＝0——表示向LCM写入数据
  12                                                  // RS＝1、RW＝1——表示从LCM读取数据
  13          sbit EN = P1^2;         //使能端，当E端由高电平跳变成低电平时，液晶模块执行命令
  14          #define LCD_DATA P0     //定义传入数据的特殊功能寄存器，或者使用 “static sfr LCD_DATA=0X80;”定义
  15          static unsigned char MaxStrlen = 40;    //定义一行最多显示字符数
  16           
  17           
  18           
  19          /*****函数部分*****/
  20          static void LCD_Delay();
  21          static bit LCD_BUSY(void);
  22           
  23          /*************************************************
  24           * @name LCD_Delay()
  25           * @brief LCD延时函数(12Mhz晶振延时4uS)
  26           * @param 无
  27           * @return 无
  28          **************************************************/
  29          static void LCD_Delay()
  30          {
  31   1              unsigned char data i;
  32   1              i = 10;
  33   1              while (--i);
  34   1      }
  35           
  36          /*************************************************
  37           * @name LCD_BUSY()
  38           * @brief 检测LCD1602是否处于忙状态
  39           * @param 无
  40           * @return 忙信号布尔值（bit）。返回1，则LCD_BUSY；返回0，则OK
  41          **************************************************/
  42          static bit LCD_BUSY(void)
  43          {
  44   1              LCD_DATA=0xff;
  45   1              RS = 0;
  46   1              RW = 1;
  47   1              EN = 1;
  48   1              LCD_Delay();
  49   1              EN = 0;
  50   1              return (bit)(LCD_DATA & 0x80); //最高位为忙信号位
  51   1      }
  52           
  53          /*************************************************
  54           * @name LcdWriteCom()
C51 COMPILER V9.59.0.0   LCD1602                                                           12/07/2024 22:40:31 PAGE 2   

  55           * @brief LCD写一字节命令
  56           * @param cmd 待写控制命令（unsigned char）
  57           * @return 无
  58          **************************************************/
  59          void LcdWriteCom(unsigned char cmd)
  60          {
  61   1              while(LCD_BUSY());   //测忙
  62   1              RS = 0;
  63   1              RW = 0;
  64   1              EN = 1;
  65   1              LCD_DATA = cmd;
  66   1              LCD_Delay();
  67   1              EN = 0;
  68   1      }
  69           
  70          /*************************************************
  71           * @name LcdWriteData()
  72           * @brief LCD写一字节数据
  73           * @param dat 待写显示数据（unsigned char）
  74           * @return 无
  75          **************************************************/
  76          void LcdWriteData(unsigned char dat)
  77          {
  78   1              while(LCD_BUSY());   //测忙
  79   1              RS = 1;
  80   1              RW = 0;
  81   1              EN = 1;
  82   1              LCD_DATA = dat;
  83   1              LCD_Delay();
  84   1              EN = 0;
  85   1      }
  86           
  87          /*************************************************
  88           * @name LCD_ClsLine()
  89           * @brief LCD清除行
  90           * @param line 设置待清除行号（unsigned char）
  91           * @return 无
  92          **************************************************/
  93          void LCD_ClsLine(unsigned char line)
  94          {
  95   1              unsigned char i=0;
  96   1              for(i=0;i<16;i++)
  97   1                      LCD_Display_Char(i,line,' ');
  98   1      }
  99           
 100          /*************************************************
 101           * @name LCD_Clear()
 102           * @brief LCD清屏
 103           * @param 无
 104           * @return 无
 105          **************************************************/
 106          void LCD_Clear(void)
 107          {
 108   1              LCD_ClsLine(0);
 109   1              LCD_ClsLine(1);
 110   1      }
 111           
 112          /*************************************************
 113           * @name LcdInit()
 114           * @brief LCD液晶屏的初始化
 115           * @param 无
 116           * @return 无
C51 COMPILER V9.59.0.0   LCD1602                                                           12/07/2024 22:40:31 PAGE 3   

 117          **************************************************/
 118          void LCD_Init(void)
 119          {
 120   1              LcdWriteCom(0x38);   //功能设置,8位数据接口，两行显示，5×8点阵，即0b00111000也就是0x38
 121   1              LcdWriteCom(0x0c);   //显示开关控制,00001100 显示开，光标不显示，光标不闪烁
 122   1              LcdWriteCom(0x06);   //输入方式设置,00000110 I/D=1：写入新数据后光标右移；S=0：显示不移动。
 123   1              LcdWriteCom(0x01);   //清除LCD的显示内容
 124   1              LCD_Clear();
 125   1      }
 126           
 127           
 128          /*************************************************
 129           * @name LCD_Display_Char()
 130           * @brief LCD写一个字符
 131           * @param p 设置显示的行坐标（unsigned char）
 132           * @param q 设置显示的列坐标（unsigned char）
 133           * @param ch 待写字符（unsigned char）
 134           * @return 无
 135          **************************************************/
 136          void LCD_Display_Char(unsigned char p,unsigned char q,unsigned char ch)
 137          {
 138   1       
 139   1              unsigned char addr;
 140   1              p-=1;
 141   1              q-=1;
 142   1              while(q>=16)
 143   1              {
 144   2                      q-=16;
 145   2                      p++;
 146   2              }
 147   1              while(p>=2) p-=2;
 148   1              if (p == 0)
 149   1              {
 150   2              addr = 0x00 + q; //第一行的x位置显示
 151   2              }
 152   1              else
 153   1              {
 154   2              addr = 0x40 + q; //第二行x的位置显示
 155   2              }
 156   1              LcdWriteCom(addr + 0x80);
 157   1                      LcdWriteData(ch);
 158   1      }
 159           
 160          /*************************************************
 161           * @name LCD_Display_String()
 162           * @brief LCD写字符串
 163           * @param p 设置显示的行坐标（unsigned char）
 164           * @param q 设置显示的列坐标（unsigned char）
 165           * @param str 待写字符串（unsigned char）
 166           * @return 字符长度（unsigned char）
 167          **************************************************/
 168          void LCD_Display_String(unsigned char p,unsigned char q, unsigned char *str)
 169          {
*** WARNING C235 IN LINE 169 OF LCD1602.c: parameter 2: different types
 170   1       
 171   1              unsigned char i=0;
 172   1              while(str[i]!=0)
 173   1              {
 174   2                      LCD_Display_Char(p,q, str[i]);
 175   2                      q++;
 176   2                      i++;
 177   2              }
C51 COMPILER V9.59.0.0   LCD1602                                                           12/07/2024 22:40:31 PAGE 4   

 178   1      }
 179           
 180           
 181          /*************************************************
 182           * @name        LCD_WriteNum()
 183           * @brief       LCD写一个数字。
 184           *                      整数显示——len=数字位数，point=0，num=要显示的数字；
 185           *                      小数显示——len=num位数，point=小数位数，num=需要显示的小数*10^(point)（即，先将小数放大为整形）
 186           * @param p 设置显示的行坐标（unsigned char）
 187           * @param q 设置显示的列坐标（unsigned char）
 188           * @param len   待显示的数字位数（unsigned char）
 189           * @param point 小数点位置（unsigned char）。point=0时，显示整数
 190           * @param num   待显示的数字（long）。小数请放大为整数，范围-2147483648~2147483648
 191           * @return 显示出来的数字所占真实位数（unsigned char)
 192          **************************************************/
 193          unsigned char LCD_WriteNum(unsigned char p, unsigned char q, unsigned char len, unsigned char point, long 
             -num)
 194          {
 195   1       
 196   1              unsigned char real_len, flag=0;
 197   1              if(point)       len++;
 198   1              else            point--;
 199   1              if(num<0)
 200   1              {
 201   2                      LCD_Display_Char(p,q,'-');
 202   2                      len++;
 203   2                      num=-num;
 204   2                      flag=1;
 205   2              }
 206   1              real_len=len+6;
 207   1              while(len-flag)
 208   1              {
 209   2                      if(num>=0) len--;
 210   2                      if(point)
 211   2                      {
 212   3                              
 213   3                              LCD_Display_Char(p, q+len, '0'+num%10);
 214   3                              num/=10;
 215   3                      }
 216   2                      else
 217   2                      {
 218   3                              LCD_Display_Char(p, q+len, '.');
 219   3                      }
 220   2                      point--;
 221   2              }
 222   1              return real_len;
 223   1      }


MODULE INFORMATION:   STATIC OVERLAYABLE
   CODE SIZE        =    403    ----
   CONSTANT SIZE    =   ----    ----
   XDATA SIZE       =   ----    ----
   PDATA SIZE       =   ----    ----
   DATA SIZE        =      1      18
   IDATA SIZE       =   ----    ----
   BIT SIZE         =   ----    ----
END OF MODULE INFORMATION.


C51 COMPILATION COMPLETE.  1 WARNING(S),  0 ERROR(S)
